MODE #CH L 0